(c) Copyright 2012-2017 Xilinx, Inc. All Rights Reserved.
#-----------------------------------------------------------
# Tool version  : sdscc 2017.2 SW Build 1972098 on Wed Aug 23 11:35:17 MDT 2017
# Start time    : Wed Sep 13 11:17:50 JST 2017
# Command line  : sdscc -Wall -O0 -g -I../src -c -fmessage-length=0 -MTsrc/cnn.o -MMD -MP -MFsrc/cnn.d -MTsrc/cnn.o -o src/cnn.o ../src/cnn.c -sds-hw Convolution cnn.c -clkid 2 -sds-end -sds-sys-config linux -sds-proc a9_0 -sds-pf zed
# Log file      : /home/h-ishihara/workspace/SDSoC_Test/CNN_Test3/Debug/_sds/reports/sds_cnn.log
# Journal file  : /home/h-ishihara/workspace/SDSoC_Test/CNN_Test3/Debug/_sds/reports/sds_cnn.jou
# Report file   : /home/h-ishihara/workspace/SDSoC_Test/CNN_Test3/Debug/_sds/reports/sds_cnn.rpt
#-----------------------------------------------------------

High-Level Synthesis
--------------------

  Vivado HLS Report : /home/h-ishihara/workspace/SDSoC_Test/CNN_Test3/Debug/_sds/vhls/Convolution/solution/syn/report/Convolution_csynth.rpt



================================================================
== Performance Estimates
================================================================
+ Timing (ns): 
    * Summary: 
    +--------+-------+----------+------------+
    |  Clock | Target| Estimated| Uncertainty|
    +--------+-------+----------+------------+
    |ap_clk  |  10.00|      7.30|        2.70|
    +--------+-------+----------+------------+

+ Latency (clock cycles): 
    * Summary: 
    +-----+-----+-----+-----+---------+
    |  Latency  |  Interval | Pipeline|
    | min | max | min | max |   Type  |
    +-----+-----+-----+-----+---------+
    |    ?|    ?|    ?|    ?|   none  |
    +-----+-----+-----+-----+---------+

    + Detail: 
        * Instance: 
        +----------------------------+-----------------+-----+-----+-----+-----+---------+
        |                            |                 |  Latency  |  Interval | Pipeline|
        |          Instance          |      Module     | min | max | min | max |   Type  |
        +----------------------------+-----------------+-----+-----+-----+-----+---------+
        |grp_CalcConvolution_fu_155  |CalcConvolution  |    ?|    ?|    ?|    ?|   none  |
        +----------------------------+-----------------+-----+-----+-----+-----+---------+

        * Loop: 
        +-------------+-----+-----+----------+-----------+-----------+------+----------+
        |             |  Latency  | Iteration|  Initiation Interval  | Trip |          |
        |  Loop Name  | min | max |  Latency |  achieved |   target  | Count| Pipelined|
        +-------------+-----+-----+----------+-----------+-----------+------+----------+
        |- Loop 1     |    ?|    ?|         ?|          -|          -|     ?|    no    |
        | + Loop 1.1  |    ?|    ?|         ?|          -|          -|     ?|    no    |
        +-------------+-----+-----+----------+-----------+-----------+------+----------+



================================================================
== Utilization Estimates
================================================================
* Summary: 
+-----------------+---------+-------+--------+-------+
|       Name      | BRAM_18K| DSP48E|   FF   |  LUT  |
+-----------------+---------+-------+--------+-------+
|DSP              |        -|      -|       -|      -|
|Expression       |        -|      -|       0|    417|
|FIFO             |        -|      -|       -|      -|
|Instance         |       12|     22|    4180|   5758|
|Memory           |        -|      -|       -|      -|
|Multiplexer      |        -|      -|       -|    161|
|Register         |        -|      -|     547|      -|
+-----------------+---------+-------+--------+-------+
|Total            |       12|     22|    4727|   6336|
+-----------------+---------+-------+--------+-------+
|Available        |      280|    220|  106400|  53200|
+-----------------+---------+-------+--------+-------+
|Utilization (%)  |        4|     10|       4|     11|
+-----------------+---------+-------+--------+-------+

+ Detail: 
    * Instance: 
    +--------------------------------+------------------------------+---------+-------+------+------+
    |            Instance            |            Module            | BRAM_18K| DSP48E|  FF  |  LUT |
    +--------------------------------+------------------------------+---------+-------+------+------+
    |grp_CalcConvolution_fu_155      |CalcConvolution               |        0|     18|  2317|  3410|
    |Convolution_conv_out_m_axi_U    |Convolution_conv_out_m_axi    |        4|      0|   566|   766|
    |Convolution_filter_m_axi_U      |Convolution_filter_m_axi      |        4|      0|   566|   766|
    |Convolution_input_data_m_axi_U  |Convolution_input_data_m_axi  |        4|      0|   566|   766|
    |Convolution_mul_3fYi_U15        |Convolution_mul_3fYi          |        0|      4|   165|    50|
    +--------------------------------+------------------------------+---------+-------+------+------+
    |Total                           |                              |       12|     22|  4180|  5758|
    +--------------------------------+------------------------------+---------+-------+------+------+

    * DSP48: 
    N/A

    * Memory: 
    N/A

    * FIFO: 
    N/A

    * Expression: 
    +-----------------------+----------+-------+---+----+------------+------------+
    |     Variable Name     | Operation| DSP48E| FF| LUT| Bitwidth P0| Bitwidth P1|
    +-----------------------+----------+-------+---+----+------------+------------+
    |tmp_2_fu_302_p2        |     +    |      0|  0|  39|          32|          32|
    |tmp_5_fu_327_p2        |     +    |      0|  0|  39|          32|          32|
    |tmp_9_fu_298_p2        |     +    |      0|  0|  39|          32|          32|
    |x_1_fu_321_p2          |     +    |      0|  0|  38|          31|           1|
    |y_1_fu_287_p2          |     +    |      0|  0|  38|          31|           1|
    |conv_height_fu_272_p2  |     -    |      0|  0|  39|          32|          32|
    |conv_width_fu_266_p2   |     -    |      0|  0|  39|          32|          32|
    |p_neg_fu_179_p2        |     -    |      0|  0|  39|           1|          32|
    |p_neg_t_fu_199_p2      |     -    |      0|  0|  39|           1|          32|
    |tmp_1_fu_282_p2        |   icmp   |      0|  0|  18|          32|          32|
    |tmp_4_fu_316_p2        |   icmp   |      0|  0|  18|          32|          32|
    |start_point_fu_219_p3  |  select  |      0|  0|  32|           1|          32|
    +-----------------------+----------+-------+---+----+------------+------------+
    |Total                  |          |      0|  0| 417|         289|         322|
    +-----------------------+----------+-------+---+----+------------+------------+

    * Multiplexer: 
    +---------------------------------+----+-----------+-----+-----------+
    |               Name              | LUT| Input Size| Bits| Total Bits|
    +---------------------------------+----+-----------+-----+-----------+
    |ap_NS_fsm                        |  62|         15|    1|         15|
    |ap_sig_ioackin_conv_out_AWREADY  |   9|          2|    1|          2|
    |ap_sig_ioackin_conv_out_WREADY   |   9|          2|    1|          2|
    |conv_out_blk_n_AW                |   9|          2|    1|          2|
    |conv_out_blk_n_B                 |   9|          2|    1|          2|
    |conv_out_blk_n_W                 |   9|          2|    1|          2|
    |filter_ARVALID                   |   9|          2|    1|          2|
    |filter_RREADY                    |   9|          2|    1|          2|
    |input_data_ARVALID               |   9|          2|    1|          2|
    |input_data_RREADY                |   9|          2|    1|          2|
    |x_reg_144                        |   9|          2|   31|         62|
    |y_reg_133                        |   9|          2|   31|         62|
    +---------------------------------+----+-----------+-----+-----------+
    |Total                            | 161|         37|   72|        157|
    +---------------------------------+----+-----------+-----+-----------+

    * Register: 
    +--------------------------------------------+----+----+-----+-----------+
    |                    Name                    | FF | LUT| Bits| Const Bits|
    +--------------------------------------------+----+----+-----+-----------+
    |ap_CS_fsm                                   |  14|   0|   14|          0|
    |ap_reg_grp_CalcConvolution_fu_155_ap_start  |   1|   0|    1|          0|
    |ap_reg_ioackin_conv_out_AWREADY             |   1|   0|    1|          0|
    |ap_reg_ioackin_conv_out_WREADY              |   1|   0|    1|          0|
    |conv_height_reg_381                         |  32|   0|   32|          0|
    |conv_width_reg_374                          |  32|   0|   32|          0|
    |filter_offset1_reg_369                      |  29|   0|   29|          0|
    |input_data_offset3_reg_364                  |  29|   0|   29|          0|
    |start_point_reg_337                         |  32|   0|   32|          0|
    |tmp_10_reg_434                              |  64|   0|   64|          0|
    |tmp_2_reg_410                               |  32|   0|   32|          0|
    |tmp_3_reg_400                               |  32|   0|   32|          0|
    |tmp_5_reg_429                               |  32|   0|   32|          0|
    |tmp_6_reg_359                               |  29|   0|   32|          3|
    |tmp_9_reg_405                               |  32|   0|   32|          0|
    |x_1_reg_424                                 |  31|   0|   31|          0|
    |x_reg_144                                   |  31|   0|   31|          0|
    |y_1_reg_395                                 |  31|   0|   31|          0|
    |y_cast_reg_386                              |  31|   0|   32|          1|
    |y_reg_133                                   |  31|   0|   31|          0|
    +--------------------------------------------+----+----+-----+-----------+
    |Total                                       | 547|   0|  551|          4|
    +--------------------------------------------+----+----+-----+-----------+



================================================================
== Interface
================================================================
* Summary: 
+---------------------------+-----+-----+------------+-------------------+--------------+
|         RTL Ports         | Dir | Bits|  Protocol  |   Source Object   |    C Type    |
+---------------------------+-----+-----+------------+-------------------+--------------+
|ap_clk                     |  in |    1| ap_ctrl_hs |    Convolution    | return value |
|ap_rst_n                   |  in |    1| ap_ctrl_hs |    Convolution    | return value |
|ap_start                   |  in |    1| ap_ctrl_hs |    Convolution    | return value |
|ap_done                    | out |    1| ap_ctrl_hs |    Convolution    | return value |
|ap_idle                    | out |    1| ap_ctrl_hs |    Convolution    | return value |
|ap_ready                   | out |    1| ap_ctrl_hs |    Convolution    | return value |
|ap_return                  | out |   32| ap_ctrl_hs |    Convolution    | return value |
|m_axi_filter_AWVALID       | out |    1|    m_axi   |       filter      |    pointer   |
|m_axi_filter_AWREADY       |  in |    1|    m_axi   |       filter      |    pointer   |
|m_axi_filter_AWADDR        | out |   32|    m_axi   |       filter      |    pointer   |
|m_axi_filter_AWID          | out |    1|    m_axi   |       filter      |    pointer   |
|m_axi_filter_AWLEN         | out |    8|    m_axi   |       filter      |    pointer   |
|m_axi_filter_AWSIZE        | out |    3|    m_axi   |       filter      |    pointer   |
|m_axi_filter_AWBURST       | out |    2|    m_axi   |       filter      |    pointer   |
|m_axi_filter_AWLOCK        | out |    2|    m_axi   |       filter      |    pointer   |
|m_axi_filter_AWCACHE       | out |    4|    m_axi   |       filter      |    pointer   |
|m_axi_filter_AWPROT        | out |    3|    m_axi   |       filter      |    pointer   |
|m_axi_filter_AWQOS         | out |    4|    m_axi   |       filter      |    pointer   |
|m_axi_filter_AWREGION      | out |    4|    m_axi   |       filter      |    pointer   |
|m_axi_filter_AWUSER        | out |    1|    m_axi   |       filter      |    pointer   |
|m_axi_filter_WVALID        | out |    1|    m_axi   |       filter      |    pointer   |
|m_axi_filter_WREADY        |  in |    1|    m_axi   |       filter      |    pointer   |
|m_axi_filter_WDATA         | out |   64|    m_axi   |       filter      |    pointer   |
|m_axi_filter_WSTRB         | out |    8|    m_axi   |       filter      |    pointer   |
|m_axi_filter_WLAST         | out |    1|    m_axi   |       filter      |    pointer   |
|m_axi_filter_WID           | out |    1|    m_axi   |       filter      |    pointer   |
|m_axi_filter_WUSER         | out |    1|    m_axi   |       filter      |    pointer   |
|m_axi_filter_ARVALID       | out |    1|    m_axi   |       filter      |    pointer   |
|m_axi_filter_ARREADY       |  in |    1|    m_axi   |       filter      |    pointer   |
|m_axi_filter_ARADDR        | out |   32|    m_axi   |       filter      |    pointer   |
|m_axi_filter_ARID          | out |    1|    m_axi   |       filter      |    pointer   |
|m_axi_filter_ARLEN         | out |    8|    m_axi   |       filter      |    pointer   |
|m_axi_filter_ARSIZE        | out |    3|    m_axi   |       filter      |    pointer   |
|m_axi_filter_ARBURST       | out |    2|    m_axi   |       filter      |    pointer   |
|m_axi_filter_ARLOCK        | out |    2|    m_axi   |       filter      |    pointer   |
|m_axi_filter_ARCACHE       | out |    4|    m_axi   |       filter      |    pointer   |
|m_axi_filter_ARPROT        | out |    3|    m_axi   |       filter      |    pointer   |
|m_axi_filter_ARQOS         | out |    4|    m_axi   |       filter      |    pointer   |
|m_axi_filter_ARREGION      | out |    4|    m_axi   |       filter      |    pointer   |
|m_axi_filter_ARUSER        | out |    1|    m_axi   |       filter      |    pointer   |
|m_axi_filter_RVALID        |  in |    1|    m_axi   |       filter      |    pointer   |
|m_axi_filter_RREADY        | out |    1|    m_axi   |       filter      |    pointer   |
|m_axi_filter_RDATA         |  in |   64|    m_axi   |       filter      |    pointer   |
|m_axi_filter_RLAST         |  in |    1|    m_axi   |       filter      |    pointer   |
|m_axi_filter_RID           |  in |    1|    m_axi   |       filter      |    pointer   |
|m_axi_filter_RUSER         |  in |    1|    m_axi   |       filter      |    pointer   |
|m_axi_filter_RRESP         |  in |    2|    m_axi   |       filter      |    pointer   |
|m_axi_filter_BVALID        |  in |    1|    m_axi   |       filter      |    pointer   |
|m_axi_filter_BREADY        | out |    1|    m_axi   |       filter      |    pointer   |
|m_axi_filter_BRESP         |  in |    2|    m_axi   |       filter      |    pointer   |
|m_axi_filter_BID           |  in |    1|    m_axi   |       filter      |    pointer   |
|m_axi_filter_BUSER         |  in |    1|    m_axi   |       filter      |    pointer   |
|m_axi_input_data_AWVALID   | out |    1|    m_axi   |     input_data    |    pointer   |
|m_axi_input_data_AWREADY   |  in |    1|    m_axi   |     input_data    |    pointer   |
|m_axi_input_data_AWADDR    | out |   32|    m_axi   |     input_data    |    pointer   |
|m_axi_input_data_AWID      | out |    1|    m_axi   |     input_data    |    pointer   |
|m_axi_input_data_AWLEN     | out |    8|    m_axi   |     input_data    |    pointer   |
|m_axi_input_data_AWSIZE    | out |    3|    m_axi   |     input_data    |    pointer   |
|m_axi_input_data_AWBURST   | out |    2|    m_axi   |     input_data    |    pointer   |
|m_axi_input_data_AWLOCK    | out |    2|    m_axi   |     input_data    |    pointer   |
|m_axi_input_data_AWCACHE   | out |    4|    m_axi   |     input_data    |    pointer   |
|m_axi_input_data_AWPROT    | out |    3|    m_axi   |     input_data    |    pointer   |
|m_axi_input_data_AWQOS     | out |    4|    m_axi   |     input_data    |    pointer   |
|m_axi_input_data_AWREGION  | out |    4|    m_axi   |     input_data    |    pointer   |
|m_axi_input_data_AWUSER    | out |    1|    m_axi   |     input_data    |    pointer   |
|m_axi_input_data_WVALID    | out |    1|    m_axi   |     input_data    |    pointer   |
|m_axi_input_data_WREADY    |  in |    1|    m_axi   |     input_data    |    pointer   |
|m_axi_input_data_WDATA     | out |   64|    m_axi   |     input_data    |    pointer   |
|m_axi_input_data_WSTRB     | out |    8|    m_axi   |     input_data    |    pointer   |
|m_axi_input_data_WLAST     | out |    1|    m_axi   |     input_data    |    pointer   |
|m_axi_input_data_WID       | out |    1|    m_axi   |     input_data    |    pointer   |
|m_axi_input_data_WUSER     | out |    1|    m_axi   |     input_data    |    pointer   |
|m_axi_input_data_ARVALID   | out |    1|    m_axi   |     input_data    |    pointer   |
|m_axi_input_data_ARREADY   |  in |    1|    m_axi   |     input_data    |    pointer   |
|m_axi_input_data_ARADDR    | out |   32|    m_axi   |     input_data    |    pointer   |
|m_axi_input_data_ARID      | out |    1|    m_axi   |     input_data    |    pointer   |
|m_axi_input_data_ARLEN     | out |    8|    m_axi   |     input_data    |    pointer   |
|m_axi_input_data_ARSIZE    | out |    3|    m_axi   |     input_data    |    pointer   |
|m_axi_input_data_ARBURST   | out |    2|    m_axi   |     input_data    |    pointer   |
|m_axi_input_data_ARLOCK    | out |    2|    m_axi   |     input_data    |    pointer   |
|m_axi_input_data_ARCACHE   | out |    4|    m_axi   |     input_data    |    pointer   |
|m_axi_input_data_ARPROT    | out |    3|    m_axi   |     input_data    |    pointer   |
|m_axi_input_data_ARQOS     | out |    4|    m_axi   |     input_data    |    pointer   |
|m_axi_input_data_ARREGION  | out |    4|    m_axi   |     input_data    |    pointer   |
|m_axi_input_data_ARUSER    | out |    1|    m_axi   |     input_data    |    pointer   |
|m_axi_input_data_RVALID    |  in |    1|    m_axi   |     input_data    |    pointer   |
|m_axi_input_data_RREADY    | out |    1|    m_axi   |     input_data    |    pointer   |
|m_axi_input_data_RDATA     |  in |   64|    m_axi   |     input_data    |    pointer   |
|m_axi_input_data_RLAST     |  in |    1|    m_axi   |     input_data    |    pointer   |
|m_axi_input_data_RID       |  in |    1|    m_axi   |     input_data    |    pointer   |
|m_axi_input_data_RUSER     |  in |    1|    m_axi   |     input_data    |    pointer   |
|m_axi_input_data_RRESP     |  in |    2|    m_axi   |     input_data    |    pointer   |
|m_axi_input_data_BVALID    |  in |    1|    m_axi   |     input_data    |    pointer   |
|m_axi_input_data_BREADY    | out |    1|    m_axi   |     input_data    |    pointer   |
|m_axi_input_data_BRESP     |  in |    2|    m_axi   |     input_data    |    pointer   |
|m_axi_input_data_BID       |  in |    1|    m_axi   |     input_data    |    pointer   |
|m_axi_input_data_BUSER     |  in |    1|    m_axi   |     input_data    |    pointer   |
|m_axi_conv_out_AWVALID     | out |    1|    m_axi   |      conv_out     |    pointer   |
|m_axi_conv_out_AWREADY     |  in |    1|    m_axi   |      conv_out     |    pointer   |
|m_axi_conv_out_AWADDR      | out |   32|    m_axi   |      conv_out     |    pointer   |
|m_axi_conv_out_AWID        | out |    1|    m_axi   |      conv_out     |    pointer   |
|m_axi_conv_out_AWLEN       | out |    8|    m_axi   |      conv_out     |    pointer   |
|m_axi_conv_out_AWSIZE      | out |    3|    m_axi   |      conv_out     |    pointer   |
|m_axi_conv_out_AWBURST     | out |    2|    m_axi   |      conv_out     |    pointer   |
|m_axi_conv_out_AWLOCK      | out |    2|    m_axi   |      conv_out     |    pointer   |
|m_axi_conv_out_AWCACHE     | out |    4|    m_axi   |      conv_out     |    pointer   |
|m_axi_conv_out_AWPROT      | out |    3|    m_axi   |      conv_out     |    pointer   |
|m_axi_conv_out_AWQOS       | out |    4|    m_axi   |      conv_out     |    pointer   |
|m_axi_conv_out_AWREGION    | out |    4|    m_axi   |      conv_out     |    pointer   |
|m_axi_conv_out_AWUSER      | out |    1|    m_axi   |      conv_out     |    pointer   |
|m_axi_conv_out_WVALID      | out |    1|    m_axi   |      conv_out     |    pointer   |
|m_axi_conv_out_WREADY      |  in |    1|    m_axi   |      conv_out     |    pointer   |
|m_axi_conv_out_WDATA       | out |   64|    m_axi   |      conv_out     |    pointer   |
|m_axi_conv_out_WSTRB       | out |    8|    m_axi   |      conv_out     |    pointer   |
|m_axi_conv_out_WLAST       | out |    1|    m_axi   |      conv_out     |    pointer   |
|m_axi_conv_out_WID         | out |    1|    m_axi   |      conv_out     |    pointer   |
|m_axi_conv_out_WUSER       | out |    1|    m_axi   |      conv_out     |    pointer   |
|m_axi_conv_out_ARVALID     | out |    1|    m_axi   |      conv_out     |    pointer   |
|m_axi_conv_out_ARREADY     |  in |    1|    m_axi   |      conv_out     |    pointer   |
|m_axi_conv_out_ARADDR      | out |   32|    m_axi   |      conv_out     |    pointer   |
|m_axi_conv_out_ARID        | out |    1|    m_axi   |      conv_out     |    pointer   |
|m_axi_conv_out_ARLEN       | out |    8|    m_axi   |      conv_out     |    pointer   |
|m_axi_conv_out_ARSIZE      | out |    3|    m_axi   |      conv_out     |    pointer   |
|m_axi_conv_out_ARBURST     | out |    2|    m_axi   |      conv_out     |    pointer   |
|m_axi_conv_out_ARLOCK      | out |    2|    m_axi   |      conv_out     |    pointer   |
|m_axi_conv_out_ARCACHE     | out |    4|    m_axi   |      conv_out     |    pointer   |
|m_axi_conv_out_ARPROT      | out |    3|    m_axi   |      conv_out     |    pointer   |
|m_axi_conv_out_ARQOS       | out |    4|    m_axi   |      conv_out     |    pointer   |
|m_axi_conv_out_ARREGION    | out |    4|    m_axi   |      conv_out     |    pointer   |
|m_axi_conv_out_ARUSER      | out |    1|    m_axi   |      conv_out     |    pointer   |
|m_axi_conv_out_RVALID      |  in |    1|    m_axi   |      conv_out     |    pointer   |
|m_axi_conv_out_RREADY      | out |    1|    m_axi   |      conv_out     |    pointer   |
|m_axi_conv_out_RDATA       |  in |   64|    m_axi   |      conv_out     |    pointer   |
|m_axi_conv_out_RLAST       |  in |    1|    m_axi   |      conv_out     |    pointer   |
|m_axi_conv_out_RID         |  in |    1|    m_axi   |      conv_out     |    pointer   |
|m_axi_conv_out_RUSER       |  in |    1|    m_axi   |      conv_out     |    pointer   |
|m_axi_conv_out_RRESP       |  in |    2|    m_axi   |      conv_out     |    pointer   |
|m_axi_conv_out_BVALID      |  in |    1|    m_axi   |      conv_out     |    pointer   |
|m_axi_conv_out_BREADY      | out |    1|    m_axi   |      conv_out     |    pointer   |
|m_axi_conv_out_BRESP       |  in |    2|    m_axi   |      conv_out     |    pointer   |
|m_axi_conv_out_BID         |  in |    1|    m_axi   |      conv_out     |    pointer   |
|m_axi_conv_out_BUSER       |  in |    1|    m_axi   |      conv_out     |    pointer   |
|filter_offset              |  in |   32|   ap_none  |   filter_offset   |    scalar    |
|filter_size_r              |  in |   32|   ap_none  |   filter_size_r   |    scalar    |
|input_data_offset          |  in |   32|   ap_none  | input_data_offset |    scalar    |
|input_width                |  in |   32|   ap_none  |    input_width    |    scalar    |
|input_height               |  in |   32|   ap_none  |    input_height   |    scalar    |
|input_depth                |  in |   32|   ap_none  |    input_depth    |    scalar    |
|conv_out_offset            |  in |   32|   ap_none  |  conv_out_offset  |    scalar    |
+---------------------------+-----+-----+------------+-------------------+--------------+

